==========================================
🔮 SFM v8 — Pipeline Diario
   Fecha: 2026-09-01 18:42:31
==========================================

[1/3] 📥 Actualizando datos desde CoinGecko...
      18:42:31
Downloading crypto data from CoinGecko into /mnt/c/Users/trodriguez/src/qlib/scripts/crypto/csv_data/crypto_coingecko/ohlcv
  Periodo solicitado: 2010-01-01 -> 2026-09-01
  Delay entre llamadas: 2.5s

Downloading from CoinGecko:   0%|          | 0/9 [00:00<?, ?it/s]Downloading from CoinGecko:  11%|█         | 1/9 [00:32<04:23, 32.97s/it]Downloading from CoinGecko:  22%|██▏       | 2/9 [01:36<05:55, 50.80s/it]Downloading from CoinGecko:  33%|███▎      | 3/9 [01:38<02:53, 28.85s/it]Downloading from CoinGecko:  44%|████▍     | 4/9 [02:41<03:31, 42.34s/it]Downloading from CoinGecko:  56%|█████▌    | 5/9 [03:45<03:19, 49.87s/it]Downloading from CoinGecko:  67%|██████▋   | 6/9 [03:48<01:41, 33.90s/it]Downloading from CoinGecko:  78%|███████▊  | 7/9 [04:51<01:26, 43.44s/it]Downloading from CoinGecko:  89%|████████▉ | 8/9 [05:54<00:49, 49.68s/it]Downloading from CoinGecko: 100%|██████████| 9/9 [05:56<00:00, 34.98s/it]Downloading from CoinGecko: 100%|██████████| 9/9 [05:56<00:00, 39.66s/it]

  BTC (CoinGecko ID: bitcoin)
    Bloque: 2025-09-01 -> 2026-08-31  (92 nuevas)
    Total: 92 filas, 2025-09-01 -> 2026-08-31

  ETH (CoinGecko ID: ethereum)
    Bloque: 2025-09-01 -> 2026-08-31  (92 nuevas)
    Total: 92 filas, 2025-09-01 -> 2026-08-31

  SOL (CoinGecko ID: solana)
    Bloque: 2025-09-01 -> 2026-08-31  (92 nuevas)
    Total: 92 filas, 2025-09-01 -> 2026-08-31

  XLM (CoinGecko ID: stellar)
    Bloque: 2025-09-01 -> 2026-08-31  (92 nuevas)
    Total: 92 filas, 2025-09-01 -> 2026-08-31

  ADA (CoinGecko ID: cardano)
    Bloque: 2025-09-01 -> 2026-08-31  (92 nuevas)
    Total: 92 filas, 2025-09-01 -> 2026-08-31

  XRP (CoinGecko ID: ripple)
    Bloque: 2025-09-01 -> 2026-08-31  (92 nuevas)
    Total: 92 filas, 2025-09-01 -> 2026-08-31

  DOGE (CoinGecko ID: dogecoin)
    Bloque: 2025-09-01 -> 2026-08-31  (92 nuevas)
    Total: 92 filas, 2025-09-01 -> 2026-08-31

  LINK (CoinGecko ID: chainlink)
    Bloque: 2025-09-01 -> 2026-08-31  (92 nuevas)
    Total: 92 filas, 2025-09-01 -> 2026-08-31

  LTC (CoinGecko ID: litecoin)
    Bloque: 2025-09-01 -> 2026-08-31  (92 nuevas)
    Total: 92 filas, 2025-09-01 -> 2026-08-31

Descarga completada desde CoinGecko
  output_dir: /mnt/c/Users/trodriguez/src/qlib/scripts/crypto/csv_data/crypto_coingecko/ohlcv
  portfolio: /mnt/c/Users/trodriguez/src/qlib/scripts/crypto/csv_data/crypto_coingecko/crypto_portfolio_daily.csv
  BTC: 92 filas, 2025-09-01 -> 2026-08-31
  ETH: 92 filas, 2025-09-01 -> 2026-08-31
  SOL: 92 filas, 2025-09-01 -> 2026-08-31
  XLM: 92 filas, 2025-09-01 -> 2026-08-31
  ADA: 92 filas, 2025-09-01 -> 2026-08-31
  XRP: 92 filas, 2025-09-01 -> 2026-08-31
  DOGE: 92 filas, 2025-09-01 -> 2026-08-31
  LINK: 92 filas, 2025-09-01 -> 2026-08-31
  LTC: 92 filas, 2025-09-01 -> 2026-08-31
   ✅ Datos actualizados correctamente
   ⏱️  5 min 58 seg

[2/3] 📊 Generando señal diaria...
      18:48:29
/home/toni/miniconda3/envs/qlib/lib/python3.12/site-packages/joblib/_multiprocessing_helpers.py:44: UserWarning: [Errno 13] Permission denied.  joblib will operate in serial mode
  warnings.warn("%s.  joblib will operate in serial mode" % (e,))
[99268:MainThread](2026-09-01 18:48:34,027) INFO - qlib.Initialization - [config.py:473] - default_conf: client.
[99268:MainThread](2026-09-01 18:48:34,985) INFO - qlib.Initialization - [__init__.py:82] - qlib successfully initialized based on client settings.
[99268:MainThread](2026-09-01 18:48:34,985) INFO - qlib.Initialization - [__init__.py:84] - data_path={'__DEFAULT_FREQ': PosixPath('/mnt/c/Users/trodriguez/src/qlib/data/qlib')}

=======================================================
🔮 SFM v8 — Señal Diaria (sfm_top3.pth)
=======================================================
   🪙 BTC, ETH, SOL, XLM, ADA, XRP, DOGE, LINK, LTC

📥 Cargando 9 criptos...
       btc: hasta 2026-08-30
       eth: hasta 2026-08-30
       sol: hasta 2026-08-30
       xlm: hasta 2026-08-30
       ada: hasta 2026-08-30
       xrp: hasta 2026-08-30
      doge: hasta 2026-08-30
      link: hasta 2026-08-30
       ltc: hasta 2026-08-30
   🌀 Denoising Wavelet...
   📊 Matrix: 3301 filas x 54 features
   📅 Última fecha: 2026-08-30
   📐 Scaler: cargado
   🧠 Modelo: hidden=96, freq=20, lookback=20

==========================================================
📊 SEÑAL DIARIA SFM v8 — 2026-09-01
   Modelo: sfm_top3.pth
==========================================================
#    Señal                Cripto   Score      Retorno    Confianza 
----------------------------------------------------------
1   🟢 COMPRA             BTC      +0.0325  +3.25%  ALTA      
2   🟡 ESPERAR            LTC      +0.0141  +1.41%  BAJA      
3   🟡 ESPERAR            ETH      +0.0084  +0.84%  BAJA      
4   🔻 VENTA              XLM      -0.0338  -3.38%  MEDIA     
5   🔻 VENTA              SOL      -0.0375  -3.75%  MEDIA     
6   🔻 VENTA              DOGE     -0.0386  -3.86%  MEDIA     
7   🔻 VENTA              LINK     -0.0426  -4.26%  MEDIA     
8   🔻 VENTA              XRP      -0.0465  -4.65%  MEDIA     
9   🔻 VENTA              ADA      -0.0466  -4.66%  MEDIA     
==========================================================
   🟢 COMPRAS: 1  🔻 VENTAS: 6  🏆 Alta confianza: 1
   🥇 Mejor: BTC (+3.25%)
==========================================================

   💾 Señal guardada: /mnt/c/Users/trodriguez/src/qlib/work/crypto/output/sfm_v8/signal_2026-09-01.json
   ⏱️  7 seg

[3/3] 💰 Ejecutando paper trading...
      18:48:36
[99359:MainThread](2026-09-01 18:48:38,039) INFO - qlib.Initialization - [config.py:473] - default_conf: client.
[99359:MainThread](2026-09-01 18:48:38,614) INFO - qlib.Initialization - [__init__.py:82] - qlib successfully initialized based on client settings.
[99359:MainThread](2026-09-01 18:48:38,615) INFO - qlib.Initialization - [__init__.py:84] - data_path={'__DEFAULT_FREQ': PosixPath('/mnt/c/Users/trodriguez/src/qlib/data/qlib')}
📡 Señal del día: 2026-09-01 (signal_2026-09-01.json)
📥 Obteniendo precios desde Qlib...
   Precios obtenidos: 9/9 criptos
   💾 Estado guardado: /mnt/c/Users/trodriguez/src/qlib/work/crypto/output/sfm_v8/state_paper_trading.json
   💾 Historial guardado: /mnt/c/Users/trodriguez/src/qlib/work/crypto/output/sfm_v8/history_paper_trading.csv (3 registros)

==========================================================
📊 PAPER TRADING SFM v8 — 2026-09-01
==========================================================

💰 CAPITAL: $9,996.67  ($6,663.33 cash + $3,333.33 posiciones)
   Ganancia total: -0.03%  |  Pico: $10,000.00
   Operaciones: 1  |  Wins: 0  |  Losses: 0
   Win Rate: 0.0%

📈 POSICIONES ACTIVAS (1):
Symbol   Shares       Entry        Current      Value        P&L        P&L%      
------------------------------------------------------------------
BTC      0.0429       $77,682.00 $77,682.00 $3,333.33  $+0.00   +0.00  %

🔄 OPERACIONES DE HOY (1):
   🟢 COMPRA BTC    0.0429 sh  @ $77,682.00  Coste: $3,336.67  |  Score: +0.0325, Confianza: ALTA
==========================================================

📋 RESUMEN PAPER TRADING — 2026-09-01
   Capital: $10,000 → $9,996.67  (-0.03%)
   Operaciones totales: 1  |  Win Rate: 0.0%
   Posiciones activas: 1
   Operaciones hoy: 1 (1 compras, 0 ventas)
   ⏱️  3 seg

==========================================
✅ Pipeline completado
   Log: /mnt/c/Users/trodriguez/src/qlib/work/crypto/output/sfm_v8/logs/pipeline_2026-09-01_18-42-31.log
   Hora: 2026-09-01 18:48:39
==========================================
